============================================================
  Generated by:           Genus(TM) Synthesis Solution 20.11-s111_1
  Generated on:           Oct 31 2025  10:33:06 am
  Module:                 kogge_stone_adder_32
  Operating conditions:   slow (balanced_tree)
  Wireload mode:          enclosed
  Area mode:              timing library
============================================================


Path 1: MET (352 ps) Late External Delay Assertion at pin result_o[31]
          Group: clk
     Startpoint: (R) operand_b_i[0]
          Clock: (R) clk
       Endpoint: (R) result_o[31]
          Clock: (R) clk

                     Capture       Launch     
        Clock Edge:+   10000            0     
        Drv Adjust:+       0            6     
       Src Latency:+       0            0     
       Net Latency:+       0 (I)        0 (I) 
           Arrival:=   10000            6     
                                              
      Output Delay:-    1500                  
     Required Time:=    8500                  
      Launch Clock:-       6                  
       Input Delay:-    1500                  
         Data Path:-    6642                  
             Slack:=     352                  

Exceptions/Constraints:
  input_delay              1500            constraint_kogge_sto_line_19_63_1 
  output_delay             1500            constraint_kogge_sto_line_20      

#----------------------------------------------------------------------------------------
# Timing Point   Flags    Arc   Edge   Cell     Fanout Load Trans Delay Arrival Instance 
#                                                      (fF)  (ps)  (ps)   (ps)  Location 
#----------------------------------------------------------------------------------------
  operand_b_i[0] -       -      R     (arrival)      2  6.1     6     0    1506    (-,-) 
  g5976__8428/Y  -       B->Y   F     NAND2X1        4 12.1   132    95    1602    (-,-) 
  g5945__6260/Y  -       A1->Y  R     OAI21XL        1  6.2   310   244    1845    (-,-) 
  g5944__5477/CO -       C->CO  R     CMPR32X1       1  6.2   164   312    2157    (-,-) 
  g5943__6417/CO -       C->CO  R     CMPR32X1       1  6.2   164   290    2447    (-,-) 
  g5942__7410/CO -       CI->CO R     ADDFX2         2 10.2   140   318    2765    (-,-) 
  g5940__1666/Y  -       A0->Y  F     AOI22X1        2 10.1   185   111    2876    (-,-) 
  g5938__2883/Y  -       B0->Y  R     OAI2BB2X1      2 10.2   328   242    3118    (-,-) 
  g5936__9315/Y  -       A0->Y  F     AOI22X1        2 10.1   185   134    3252    (-,-) 
  g5934__4733/Y  -       B0->Y  R     OAI2BB2X1      2 10.2   328   242    3495    (-,-) 
  g5932__1881/Y  -       A0->Y  F     AOI22X1        2 10.1   185   134    3628    (-,-) 
  g5930__6131/Y  -       B0->Y  R     OAI2BB2X1      2 10.2   328   242    3871    (-,-) 
  g5928__8246/Y  -       A0->Y  F     AOI22X1        2 10.1   185   134    4005    (-,-) 
  g5926__1705/Y  -       B0->Y  R     OAI2BB2X1      2 10.2   328   242    4247    (-,-) 
  g5924__3680/Y  -       A0->Y  F     AOI22X1        2 10.1   185   134    4381    (-,-) 
  g5922__5526/Y  -       B0->Y  R     OAI2BB2X1      2 10.2   328   242    4623    (-,-) 
  g5920__8428/Y  -       A0->Y  F     AOI22X1        2 10.1   185   134    4757    (-,-) 
  g5918__6260/Y  -       B0->Y  R     OAI2BB2X1      2 10.2   328   242    4999    (-,-) 
  g5916__2398/Y  -       A0->Y  F     AOI22X1        2 10.1   185   134    5133    (-,-) 
  g5914__6417/Y  -       B0->Y  R     OAI2BB2X1      2 10.2   328   242    5376    (-,-) 
  g5912__1666/Y  -       A0->Y  F     AOI22X1        2 10.1   185   134    5510    (-,-) 
  g5910__2883/Y  -       B0->Y  R     OAI2BB2X1      2 10.2   328   242    5752    (-,-) 
  g5908__6161/Y  -       A0->Y  F     AOI22X1        2 10.1   185   134    5886    (-,-) 
  g5906__7482/Y  -       B0->Y  R     OAI2BB2X1      2 10.2   328   242    6128    (-,-) 
  g5904__1881/Y  -       A0->Y  F     AOI22X1        2 10.1   185   134    6262    (-,-) 
  g5902__7098/Y  -       B0->Y  R     OAI2BB2X1      2 10.2   328   242    6504    (-,-) 
  g5900__5122/Y  -       A0->Y  F     AOI22X1        2 10.1   185   134    6638    (-,-) 
  g5898__2802/Y  -       B0->Y  R     OAI2BB2X1      2 10.2   328   242    6880    (-,-) 
  g5896__3680/Y  -       A0->Y  F     AOI22X1        2 10.1   185   134    7014    (-,-) 
  g5894__5526/Y  -       B0->Y  R     OAI2BB2X1      2 10.2   328   242    7257    (-,-) 
  g5892__4319/Y  -       A0->Y  F     AOI22X1        2 10.1   185   134    7390    (-,-) 
  g5890__5107/Y  -       B0->Y  R     OAI2BB2X1      1  6.2   256   200    7591    (-,-) 
  g5889__2398/S  -       CI->S  R     ADDFX2         1 50.0   357   557    8148    (-,-) 
  result_o[31]   <<<     -      R     (port)         -    -     -     0    8148    (-,-) 
#----------------------------------------------------------------------------------------

