============================================================
  Generated by:           Genus(TM) Synthesis Solution 20.11-s111_1
  Generated on:           Oct 31 2025  09:54:56 am
  Module:                 kogge_stone_adder_32
  Operating conditions:   slow (balanced_tree)
  Wireload mode:          enclosed
  Area mode:              timing library
============================================================


Path 1: MET (819 ps) Late External Delay Assertion at pin overflow_o
          Group: clk
     Startpoint: (R) operand_a_i[1]
          Clock: (R) clk
       Endpoint: (F) overflow_o
          Clock: (R) clk

                     Capture       Launch     
        Clock Edge:+   10000            0     
        Drv Adjust:+       0            4     
       Src Latency:+       0            0     
       Net Latency:+       0 (I)        0 (I) 
           Arrival:=   10000            4     
                                              
      Output Delay:-    1500                  
     Required Time:=    8500                  
      Launch Clock:-       4                  
       Input Delay:-    1500                  
         Data Path:-    6177                  
             Slack:=     819                  

Exceptions/Constraints:
  input_delay              1500            constraint_kogge_sto_line_19_30_1 
  output_delay             1500            constraint_kogge_sto_line_20_94_1 

#---------------------------------------------------------------------------------------
# Timing Point   Flags   Arc   Edge   Cell     Fanout Load Trans Delay Arrival Instance 
#                                                     (fF)  (ps)  (ps)   (ps)  Location 
#---------------------------------------------------------------------------------------
  operand_a_i[1] -       -     R     (arrival)      2  4.5     4     0    1504    (-,-) 
  g5081__1666/Y  -       A->Y  F     CLKXOR2X1      2  6.5    86   226    1731    (-,-) 
  g5047__5526/Y  -       A1->Y R     AOI22X1        2  6.4   157   153    1884    (-,-) 
  g5045__6260/Y  -       A1->Y F     OAI21X1        2  6.4   121   123    2007    (-,-) 
  g5043__2398/Y  -       A1->Y R     AOI22X1        2  4.5   127   141    2147    (-,-) 
  g5042/Y        -       A->Y  F     CLKINVX1       2  4.5    64    61    2208    (-,-) 
  g5040__6417/Y  -       A1->Y R     AOI22X1        2  4.5   127   126    2335    (-,-) 
  g5039/Y        -       A->Y  F     CLKINVX1       2  4.5    64    61    2396    (-,-) 
  g5037__7410/Y  -       A1->Y R     AOI22X1        2  4.5   127   126    2522    (-,-) 
  g5036/Y        -       A->Y  F     CLKINVX1       2  4.5    64    61    2584    (-,-) 
  g5034__2346/Y  -       A1->Y R     AOI22X1        2  4.5   127   126    2710    (-,-) 
  g5033/Y        -       A->Y  F     CLKINVX1       2  4.5    64    61    2771    (-,-) 
  g5031__9945/Y  -       A1->Y R     AOI22X1        2  4.5   127   126    2898    (-,-) 
  g5030/Y        -       A->Y  F     CLKINVX1       2  4.5    64    61    2959    (-,-) 
  g5028__6161/Y  -       A1->Y R     AOI22X1        2  4.5   127   126    3085    (-,-) 
  g5027/Y        -       A->Y  F     CLKINVX1       2  4.5    64    61    3146    (-,-) 
  g5025__7482/Y  -       A1->Y R     AOI22X1        2  4.5   127   126    3273    (-,-) 
  g5024/Y        -       A->Y  F     CLKINVX1       2  4.5    64    61    3334    (-,-) 
  g5022__1881/Y  -       A1->Y R     AOI22X1        2  4.5   127   126    3460    (-,-) 
  g5021/Y        -       A->Y  F     CLKINVX1       2  4.5    64    61    3522    (-,-) 
  g5019__7098/Y  -       A1->Y R     AOI22X1        2  4.5   127   126    3648    (-,-) 
  g5018/Y        -       A->Y  F     CLKINVX1       2  4.5    64    61    3709    (-,-) 
  g5016__5122/Y  -       A1->Y R     AOI22X1        2  4.5   127   126    3836    (-,-) 
  g5015/Y        -       A->Y  F     CLKINVX1       2  4.5    64    61    3897    (-,-) 
  g5013__2802/Y  -       A1->Y R     AOI22X1        2  4.5   127   126    4023    (-,-) 
  g5012/Y        -       A->Y  F     CLKINVX1       2  4.5    64    61    4084    (-,-) 
  g5010__3680/Y  -       A1->Y R     AOI22X1        2  4.5   127   126    4211    (-,-) 
  g5009/Y        -       A->Y  F     CLKINVX1       2  4.5    64    61    4272    (-,-) 
  g5007__8428/Y  -       A1->Y R     AOI22X1        2  4.5   127   126    4398    (-,-) 
  g5006/Y        -       A->Y  F     CLKINVX1       2  4.5    64    61    4460    (-,-) 
  g5004__6260/Y  -       A1->Y R     AOI22X1        2  4.5   127   126    4586    (-,-) 
  g5003/Y        -       A->Y  F     CLKINVX1       2  4.5    64    61    4647    (-,-) 
  g5001__2398/Y  -       A1->Y R     AOI22X1        2  4.5   127   126    4774    (-,-) 
  g5000/Y        -       A->Y  F     CLKINVX1       2  4.5    64    61    4835    (-,-) 
  g4998__5477/Y  -       A1->Y R     AOI22X1        2  4.5   127   126    4961    (-,-) 
  g4997/Y        -       A->Y  F     CLKINVX1       2  4.5    64    61    5022    (-,-) 
  g4995__7410/Y  -       A1->Y R     AOI22X1        2  4.5   127   126    5149    (-,-) 
  g4994/Y        -       A->Y  F     CLKINVX1       2  4.5    64    61    5210    (-,-) 
  g4992__2346/Y  -       A1->Y R     AOI22X1        2  4.5   127   126    5336    (-,-) 
  g4991/Y        -       A->Y  F     CLKINVX1       2  4.5    64    61    5398    (-,-) 
  g4989__9945/Y  -       A1->Y R     AOI22X1        2  4.5   127   126    5524    (-,-) 
  g4988/Y        -       A->Y  F     CLKINVX1       2  4.5    64    61    5585    (-,-) 
  g4986__6161/Y  -       A1->Y R     AOI22X1        2  4.5   127   126    5712    (-,-) 
  g4985/Y        -       A->Y  F     CLKINVX1       2  4.5    64    61    5773    (-,-) 
  g4983__7482/Y  -       A1->Y R     AOI22X1        2  4.5   127   126    5899    (-,-) 
  g4982/Y        -       A->Y  F     CLKINVX1       2  4.5    64    61    5960    (-,-) 
  g4980__6131/Y  -       A1->Y R     AOI22X1        2  4.5   127   126    6087    (-,-) 
  g4979/Y        -       A->Y  F     CLKINVX1       2  4.5    64    61    6148    (-,-) 
  g4977__7098/Y  -       A1->Y R     AOI22X1        2  4.5   127   126    6274    (-,-) 
  g4976/Y        -       A->Y  F     CLKINVX1       2  4.5    64    61    6336    (-,-) 
  g4974__5122/Y  -       A1->Y R     AOI22X1        2  4.5   127   126    6462    (-,-) 
  g4973/Y        -       A->Y  F     CLKINVX1       2  4.5    64    61    6523    (-,-) 
  g4971__1617/Y  -       A1->Y R     AOI22X1        2  4.5   127   126    6650    (-,-) 
  g4970/Y        -       A->Y  F     CLKINVX1       2  4.5    64    61    6711    (-,-) 
  g4968__3680/Y  -       A1->Y R     AOI22X1        2  4.5   127   126    6837    (-,-) 
  g4967/Y        -       A->Y  F     CLKINVX1       2  4.5    64    61    6898    (-,-) 
  g4965__5526/Y  -       A1->Y R     AOI22X1        2  4.5   127   126    7025    (-,-) 
  g4964/Y        -       A->Y  F     CLKINVX1       2  4.5    64    61    7086    (-,-) 
  g4962__6260/Y  -       A1->Y R     AOI22X1        2  4.5   127   126    7212    (-,-) 
  g4961/Y        -       A->Y  F     CLKINVX1       2  3.3    56    52    7264    (-,-) 
  g4959__5107/Y  -       A1->Y F     AO22X1         1 50.0   369   417    7681    (-,-) 
  overflow_o     -       -     F     (port)         -    -     -     0    7681    (-,-) 
#---------------------------------------------------------------------------------------

