============================================================
  Generated by:           Genus(TM) Synthesis Solution 20.11-s111_1
  Generated on:           Oct 31 2025  10:33:06 am
  Module:                 kogge_stone_adder_32
  Operating conditions:   slow (balanced_tree)
  Wireload mode:          enclosed
  Area mode:              timing library
============================================================

                               
   Gate    Instances    Area    Library  
-----------------------------------------
ADDFX2             2   139.709    tsmc18 
AOI22X1           13   216.216    tsmc18 
AOI2BB1X1          1    16.632    tsmc18 
CMPR32X1           2   139.709    tsmc18 
INVXL              1     6.653    tsmc18 
NAND2X1            2    19.958    tsmc18 
NOR2BXL            1    13.306    tsmc18 
NOR2X1             1     9.979    tsmc18 
OAI21XL            1    13.306    tsmc18 
OAI2BB2X1         14   325.987    tsmc18 
XNOR2X1           13   345.946    tsmc18 
XOR2X1            39  1037.837    tsmc18 
-----------------------------------------
total             90  2285.237           


                                         
     Type      Instances   Area   Area % 
-----------------------------------------
inverter               1    6.653    0.3 
logic                 89 2278.584   99.7 
physical_cells         0    0.000    0.0 
-----------------------------------------
total                 90 2285.237  100.0 

