============================================================
  Generated by:           Genus(TM) Synthesis Solution 20.11-s111_1
  Generated on:           Oct 31 2025  09:54:56 am
  Module:                 kogge_stone_adder_32
  Operating conditions:   slow (balanced_tree)
  Wireload mode:          enclosed
  Area mode:              timing library
============================================================

                              
   Gate    Instances   Area   Library 
--------------------------------------
AO22X1             1    7.569    slow 
AOI22X1           29  175.601    slow 
CLKINVX1          30   68.121    slow 
CLKXOR2X1         32  266.429    slow 
MX2X1             30  204.363    slow 
NAND2XL            2    6.055    slow 
OA21X1             1    6.812    slow 
OAI21X1            1    4.541    slow 
--------------------------------------
total            126  739.491         


                                        
     Type      Instances   Area  Area % 
----------------------------------------
inverter              30  68.121    9.2 
logic                 96 671.370   90.8 
physical_cells         0   0.000    0.0 
----------------------------------------
total                126 739.491  100.0 

